// Jest Snapshot v1, https://goo.gl/fbAQLP

exports[`Input renders without crashing 1`] = `
<div
  className="inputwrapper"
>
  <input
    className="input"
    id={null}
    name=""
    onChange={[Function]}
    onFocus={[Function]}
  />
</div>
`;
