// Jest Snapshot v1, https://goo.gl/fbAQLP

exports[`Alert renders without crashing 1`] = `
<div
  className="alert alert-danger"
  role="alert"
>
  <span
    className="message"
  />
  <button
    className="close"
    onClick={[Function]}
    type="button"
  >
    <span
      aria-hidden="true"
    >
      Ã—
    </span>
  </button>
</div>
`;
