// Jest Snapshot v1, https://goo.gl/fbAQLP

exports[`Loader renders without crashing 1`] = `<Fragment />`;
