// Jest Snapshot v1, https://goo.gl/fbAQLP

exports[`Theme renders without crashing 1`] = `
<Fragment>
  <div />
</Fragment>
`;
